Configuration Report
======================
Configuration location:- /capsule/home/linyuzheng/yujiema-miaomiaomiao/arm-socrates/workspace/cihto2026mar/logical/nic400_1/xml/nic400_internal.xml
Report generated on:- Sun Mar 8 23:50:19 2026

===================================================================
|          T  A  B  L  E     OF    C  O  N  T  E  N  T  S         |
===================================================================
|  1. ASIB IDs                                                    |
|  2. Switch Port Mappings                                        |
|  3. AMIB - APB Port Regions                                     |
|  4. ASIB Full Feature Information                               |
|  5. AMIB Full Feature Information                               |
|  6. AMIB ID Reduction Information                               |
|  7. Lockable Path Report                                        |
|  8. Register Slice AND Buffer Information for all ASIBs         |
|  9. Register Slice AND Buffer Information for all AMIBs         |
| 10. Register Slice AND Buffer Information for all IBs           |
| 11. Register Slice AND Buffer Information for all SWITCHs       |
| 12. IO (ASIBs to AMIBs) Connectivity Paths with Capabilities    |
| 13. Static Latency Report                                       |
| 14. Relative Size Indicator Report                              |
| 15. ASIB to AMIB Virtual Networks Report                        |
| 16. Address Map Report                                          |
===================================================================



1.ASIB IDs 
==========

                               __________________
Global IDs are of the form :- | VID | SIID | IID |
                               ------------------

Global ID width:- 8
Padding width:- 6
VID width:- 5
SIID width:- 2
IID width:- 0

ID values are in binary; x's are used to denote those bits filled
with the VID for that particular ASIB.

ASIB Name                      | SIID  | IID   | ID         
-------------------------------------------------------------
sSpi                           | 0     | 0     | 8'b0000xx00
sD2dData                       | 2     | 0     | 8'b0xxxxx10
sIrisBridge                    | 1     | 0     | 8'b0xxxxx01

2.Switch Port Mappings
======================

This provides a quick look-up between switch interface port name
and interface port index.

2.1 Switch 'bm0'
================

2.1.1 Slave Interfaces
======================

Interface Name                 | Index
---------------------------------------
axi_s_0                        | 0
axi_s_1                        | 1
axi_s_2                        | 2

2.1.2 Master Interfaces
=======================

Interface Name                 | Index
---------------------------------------
axi_m_0                        | 0
axi_m_1                        | 1
axi_m_2                        | 2

3.AMIB - APB Port Regions
========================

This provides a quick look-up between apb port name and region number
used.

No APB AMIBs in configuration.




4.ASIB Full Feature Information 
================================

This provides detailed information of all the features of the ASIB Blocks 

 - Y     - Yes feature Present 
 - NA    - feature Not Applicable
 - N     - feature Not Present
 - S     - Single Virtual Network
 - M     - More than one Virtual Network
 - 0     - No Virtual Network


---------------------------------------------------------------------------------------------
            ASIB Full Features - Table : 1 of 1
---------------------------------------------------------------------------------------------
Name                   |  sD2dData            |  sIrisBridge         |  sSpi                |
---------------------------------------------------------------------------------------------
Multi-Ported           |  N                   |  N                   |  N                   |
---------------------------------------------------------------------------------------------
Protocol               |  axi4                |  axi4                |  axi4                |
---------------------------------------------------------------------------------------------
Input Data Width       |  64                  |  64                  |  32                  |
---------------------------------------------------------------------------------------------
Output Data Width      |  64                  |  64                  |  32                  |
---------------------------------------------------------------------------------------------
Input Clock Domain     |  clk0                |  clk0                |  clk0                |
---------------------------------------------------------------------------------------------
Output Clock Domain    |  clk0                |  clk0                |  clk0                |
---------------------------------------------------------------------------------------------
Address Width          |  32                  |  32                  |  32                  |
---------------------------------------------------------------------------------------------
TrustZone              |  nsec                |  nsec                |  nsec                |
---------------------------------------------------------------------------------------------
ID Width               |  5                   |  5                   |  2                   |
---------------------------------------------------------------------------------------------
Lock Support           |  N                   |  N                   |  N                   |
---------------------------------------------------------------------------------------------
Multi-Region Master    |  N                   |  N                   |  N                   |
---------------------------------------------------------------------------------------------
QoS Priority Type      |  fixed               |  fixed               |  fixed               |
---------------------------------------------------------------------------------------------
QoS Priority Value     |  0                   |  0                   |  0                   |
---------------------------------------------------------------------------------------------
Advanced QoS                                                                                |
---------------------------------------------------------------------------------------------
- Trans Rate     Regu  |  N                   |  N                   |  N                   |
---------------------------------------------------------------------------------------------
- Outs  Trans    Regu  |  N                   |  N                   |  N                   |
---------------------------------------------------------------------------------------------
- Latency/Period Regu  |  N                   |  N                   |  N                   |
---------------------------------------------------------------------------------------------
User Signals                                                                                |
---------------------------------------------------------------------------------------------
- Address              |  NA                  |  NA                  |  NA                  |
---------------------------------------------------------------------------------------------
- Read Address         |  0                   |  0                   |  0                   |
---------------------------------------------------------------------------------------------
- Write Address        |  0                   |  0                   |  0                   |
---------------------------------------------------------------------------------------------
- Read Data            |  0                   |  0                   |  0                   |
---------------------------------------------------------------------------------------------
- Write Data           |  0                   |  0                   |  0                   |
---------------------------------------------------------------------------------------------
- Write Response       |  0                   |  0                   |  0                   |
---------------------------------------------------------------------------------------------
Early Write Resp       |  N                   |  N                   |  N                   |
---------------------------------------------------------------------------------------------
Broken Bursts          |  N                   |  N                   |  N                   |
---------------------------------------------------------------------------------------------
CDAS Scheme            |  singleslave         |  singleslave         |  singleslave         |
---------------------------------------------------------------------------------------------
Programmers View       |  N                   |  N                   |  N                   |
---------------------------------------------------------------------------------------------
Node Number            |  2                   |  2                   |  2                   |
---------------------------------------------------------------------------------------------
Thin Links             |  N                   |  N                   |  N                   |
---------------------------------------------------------------------------------------------
Virtual Network                                                                             |
---------------------------------------------------------------------------------------------
- Use VN Externally    |  NA                  |  NA                  |  NA                  |
---------------------------------------------------------------------------------------------
- Pre-Allocate         |  NA                  |  NA                  |  NA                  |
---------------------------------------------------------------------------------------------
- VNs (S/M/0)          |  NA                  |  NA                  |  NA                  |
---------------------------------------------------------------------------------------------



5.AMIB Full Feature Information 
================================

This provides detailed information of all the features of the AMIB Blocks 

 - Y     - Yes feature Present 
 - NA    - feature Not Applicable
 - N     - feature Not Present
 - S     - Single Virtual Network
 - M     - More than one Virtual Network
 - 0     - No Virtual Network


----------------------------------------------------------------------
            AMIB Full Features - Table : 1 of 1
----------------------------------------------------------------------
Name                   |  mDexmpcCore         |  mGauxCore           |
----------------------------------------------------------------------
Multi-Ported           |  N                   |  N                   |
----------------------------------------------------------------------
Protocol               |  axi4                |  axi4                |
----------------------------------------------------------------------
Input Data Width       |  64                  |  64                  |
----------------------------------------------------------------------
Output Data Width      |  64                  |  64                  |
----------------------------------------------------------------------
Input Clock Domain     |  clk0                |  clk0                |
----------------------------------------------------------------------
Output Clock Domain    |  clk0                |  clk0                |
----------------------------------------------------------------------
Address Width          |  32                  |  32                  |
----------------------------------------------------------------------
TrustZone              |  nsec                |  nsec                |
----------------------------------------------------------------------
Lock Support           |  N                   |  N                   |
----------------------------------------------------------------------
ID reduction           |  Y                   |  Y                   |
----------------------------------------------------------------------
Multi-Region Slave     |  N                   |  N                   |
----------------------------------------------------------------------
QoS Output Signals     |  N                   |  N                   |
----------------------------------------------------------------------
User Signals                                                         |
----------------------------------------------------------------------
- Address              |  NA                  |  NA                  |
----------------------------------------------------------------------
- Read Address         |  0                   |  0                   |
----------------------------------------------------------------------
- Write Address        |  0                   |  0                   |
----------------------------------------------------------------------
- Read Data            |  0                   |  0                   |
----------------------------------------------------------------------
- Write Data           |  0                   |  0                   |
----------------------------------------------------------------------
- Write Response       |  0                   |  0                   |
----------------------------------------------------------------------
Programmers View       |  N                   |  N                   |
----------------------------------------------------------------------
Node Number            |  64                  |  65                  |
----------------------------------------------------------------------
Thin Links             |  N                   |  N                   |
----------------------------------------------------------------------
Virtual Network                                                      |
----------------------------------------------------------------------
- Use VN Externally    |  NA                  |  NA                  |
----------------------------------------------------------------------
- Pre-Allocate         |  NA                  |  NA                  |
----------------------------------------------------------------------
- VNs (S/M/0)          |  NA                  |  NA                  |
----------------------------------------------------------------------



6.AMIB ID Reduction Information 
================================

This provides the original ID width and reduced ID width


----------------------------------------------------------------------------
            ID Reduction Information for AMIBs  
----------------------------------------------------------------------------
  Name          |  ID Width Before Reduction  |  ID Width After  Reduction  |
----------------------------------------------------------------------------
  mDexmpcCore   |            8                |            7                |
----------------------------------------------------------------------------
  mGauxCore     |            8                |            7                |
----------------------------------------------------------------------------

-------------------------------------------------------------
            AMIBs to ASIBs ID mapping  
-------------------------------------------------------------
 AMIB Name      |    ID Value   |  Initiating ASIB (master) |
-------------------------------------------------------------
  mDexmpcCore   |  7'bxxxxx00   |  sSpi                     |
                |-------------------------------------------|
                |  7'bxxxxx10   |  sD2dData                 |
                |-------------------------------------------|
                |  7'bxxxxx01   |  sIrisBridge              |
------------------------------------------------------------|
  mGauxCore     |  7'bxxxxx00   |  sSpi                     |
                |-------------------------------------------|
                |  7'bxxxxx10   |  sD2dData                 |
                |-------------------------------------------|
                |  7'bxxxxx01   |  sIrisBridge              |
------------------------------------------------------------|



7.Lockable Path Report 
  ASIB to AMIB Lockable Paths. 
========================================================================

This provides a list of ASIB to AMIB paths that have 
lock supported and enabled.

----------------------------------------------
       ASIB to AMIB Lockable Paths 
----------------------------------------------
 ASIB Name    | AMIB Name    | Lockable Path |
----------------------------------------------
 No Lockable Paths in the configuration      |
----------------------------------------------



8.Register Slice AND Buffer Information for all ASIBs
====================================================

This provides detailed information on register slices and buffers 
with regards to their position, type and status for each ASIB blocks.

 - Y(TC) - Reg Slice or Buffer Present and is Timing Closure
 - Y     - Reg Slice or Buffer Present 
 - NA    - Reg Slice or Buffer Not Present and Not Applicable
 - A     - Reg Slice or Buffer Not Present/Absent
 - FWD   - Reg Slice or Buffer type - Forward 
 - REV   - Reg Slice or Buffer type - Reverse 
 - FULL  - Reg Slice or Buffer type - Full    
 - BYPASS- Reg Slice or Buffer type - Bypass  


--------------------------------------------------------------------------
            ASIB : sD2dData (Regs/Buffers) 
--------------------------------------------------------------------------
| Channel   |     Slave Port    |     Master Port   |     Boundary      | 
------------|-------------------|-------------------|--------------------
|           |   Impl  |   Type  |   Impl  |   Type  |   Impl  |  Depth  | 
|-----------|---------|---------|---------|---------|---------|---------|
|    AW     |    Y    |   REV   |     A   |     A   |     A   |     A   |
|-----------|---------|---------|---------|---------|---------|---------|
|    AR     |    Y    |   REV   |     A   |     A   |     A   |     A   |
|-----------|---------|---------|---------|---------|---------|---------|
|     W     |    Y    |   REV   |     A   |     A   |     A   |     A   |
|-----------|---------|---------|---------|---------|---------|---------|
|     R     |     A   |     A   |     A   |     A   |     A   |     A   |
|-----------|---------|---------|---------|---------|---------|---------|
|     B     |     A   |     A   |     A   |     A   |     A   |     A   |
|-----------|---------|---------|---------|---------|---------|---------|
|     A     |    NA   |    NA   |    NA   |    NA   |    NA   |    NA   |
|-----------|---------|---------|---------|---------|---------|---------|
|     D     |    NA   |    NA   |    NA   |    NA   |    NA   |    NA   |
--------------------------------------------------------------------------


--------------------------------------------------------------------------
            ASIB : sIrisBridge (Regs/Buffers) 
--------------------------------------------------------------------------
| Channel   |     Slave Port    |     Master Port   |     Boundary      | 
------------|-------------------|-------------------|--------------------
|           |   Impl  |   Type  |   Impl  |   Type  |   Impl  |  Depth  | 
|-----------|---------|---------|---------|---------|---------|---------|
|    AW     |    Y    |   REV   |     A   |     A   |     A   |     A   |
|-----------|---------|---------|---------|---------|---------|---------|
|    AR     |    Y    |   REV   |     A   |     A   |     A   |     A   |
|-----------|---------|---------|---------|---------|---------|---------|
|     W     |    Y    |   REV   |     A   |     A   |     A   |     A   |
|-----------|---------|---------|---------|---------|---------|---------|
|     R     |     A   |     A   |     A   |     A   |     A   |     A   |
|-----------|---------|---------|---------|---------|---------|---------|
|     B     |     A   |     A   |     A   |     A   |     A   |     A   |
|-----------|---------|---------|---------|---------|---------|---------|
|     A     |    NA   |    NA   |    NA   |    NA   |    NA   |    NA   |
|-----------|---------|---------|---------|---------|---------|---------|
|     D     |    NA   |    NA   |    NA   |    NA   |    NA   |    NA   |
--------------------------------------------------------------------------


--------------------------------------------------------------------------
            ASIB : sSpi (Regs/Buffers) 
--------------------------------------------------------------------------
| Channel   |     Slave Port    |     Master Port   |     Boundary      | 
------------|-------------------|-------------------|--------------------
|           |   Impl  |   Type  |   Impl  |   Type  |   Impl  |  Depth  | 
|-----------|---------|---------|---------|---------|---------|---------|
|    AW     |    Y    |   REV   |     A   |     A   |     A   |     A   |
|-----------|---------|---------|---------|---------|---------|---------|
|    AR     |    Y    |   REV   |     A   |     A   |     A   |     A   |
|-----------|---------|---------|---------|---------|---------|---------|
|     W     |    Y    |   REV   |     A   |     A   |     A   |     A   |
|-----------|---------|---------|---------|---------|---------|---------|
|     R     |     A   |     A   |     A   |     A   |     A   |     A   |
|-----------|---------|---------|---------|---------|---------|---------|
|     B     |     A   |     A   |     A   |     A   |     A   |     A   |
|-----------|---------|---------|---------|---------|---------|---------|
|     A     |    NA   |    NA   |    NA   |    NA   |    NA   |    NA   |
|-----------|---------|---------|---------|---------|---------|---------|
|     D     |    NA   |    NA   |    NA   |    NA   |    NA   |    NA   |
--------------------------------------------------------------------------



9.Register Slice AND Buffer Information for all AMIBs
====================================================

This provides detailed information on register slices and buffers 
with regards to their position, type and status for each AMIB blocks.

 - Y(TC) - Reg Slice or Buffer Present and is Timing Closure
 - Y     - Reg Slice or Buffer Present 
 - NA    - Reg Slice or Buffer Not Present and Not Applicable
 - A     - Reg Slice or Buffer Not Present/Absent
 - FWD   - Reg Slice or Buffer type - Forward 
 - REV   - Reg Slice or Buffer type - Reverse 
 - FULL  - Reg Slice or Buffer type - Full    
 - BYPASS- Reg Slice or Buffer type - Bypass  


--------------------------------------------------------------------------
            AMIB : mDexmpcCore (Regs/Buffers) 
--------------------------------------------------------------------------
| Channel   |     Slave Port    |     Master Port   |     Boundary      | 
------------|-------------------|-------------------|--------------------
|           |   Impl  |   Type  |   Impl  |   Type  |   Impl  |  Depth  | 
|-----------|---------|---------|---------|---------|---------|---------|
|    AW     |     A   |     A   |     A   |     A   |     A   |     A   |
|-----------|---------|---------|---------|---------|---------|---------|
|    AR     |     A   |     A   |     A   |     A   |     A   |     A   |
|-----------|---------|---------|---------|---------|---------|---------|
|     W     |     A   |     A   |    Y    |   REV   |     A   |     A   |
|-----------|---------|---------|---------|---------|---------|---------|
|     R     |     A   |     A   |    Y    |   REV   |     A   |     A   |
|-----------|---------|---------|---------|---------|---------|---------|
|     B     |     A   |     A   |    Y    |   REV   |     A   |     A   |
|-----------|---------|---------|---------|---------|---------|---------|
|     A     |    NA   |    NA   |    NA   |    NA   |    NA   |    NA   |
|-----------|---------|---------|---------|---------|---------|---------|
|     D     |    NA   |    NA   |    NA   |    NA   |    NA   |    NA   |
--------------------------------------------------------------------------


--------------------------------------------------------------------------
            AMIB : mGauxCore (Regs/Buffers) 
--------------------------------------------------------------------------
| Channel   |     Slave Port    |     Master Port   |     Boundary      | 
------------|-------------------|-------------------|--------------------
|           |   Impl  |   Type  |   Impl  |   Type  |   Impl  |  Depth  | 
|-----------|---------|---------|---------|---------|---------|---------|
|    AW     |     A   |     A   |     A   |     A   |     A   |     A   |
|-----------|---------|---------|---------|---------|---------|---------|
|    AR     |     A   |     A   |     A   |     A   |     A   |     A   |
|-----------|---------|---------|---------|---------|---------|---------|
|     W     |     A   |     A   |    Y    |   REV   |     A   |     A   |
|-----------|---------|---------|---------|---------|---------|---------|
|     R     |     A   |     A   |    Y    |   REV   |     A   |     A   |
|-----------|---------|---------|---------|---------|---------|---------|
|     B     |     A   |     A   |    Y    |   REV   |     A   |     A   |
|-----------|---------|---------|---------|---------|---------|---------|
|     A     |    NA   |    NA   |    NA   |    NA   |    NA   |    NA   |
|-----------|---------|---------|---------|---------|---------|---------|
|     D     |    NA   |    NA   |    NA   |    NA   |    NA   |    NA   |
--------------------------------------------------------------------------



10.Register Slice AND Buffer Information for all IBs
==================================================

This provides detailed information on register slices and buffers 
with regards to their position, type and status for each IB blocks.

 - Y(TC) - Reg Slice or Buffer Present and is Timing Closure
 - Y     - Reg Slice or Buffer Present 
 - NA    - Reg Slice or Buffer Not Present and Not Applicable
 - A     - Reg Slice or Buffer Not Present/Absent
 - FWD   - Reg Slice or Buffer type - Forward 
 - REV   - Reg Slice or Buffer type - Reverse 
 - FULL  - Reg Slice or Buffer type - Full    
 - BYPASS- Reg Slice or Buffer type - Bypass  


--------------------------------------------------------------------------
            IB : sSpi_ib (Regs/Buffers) 
--------------------------------------------------------------------------
| Channel   |     Slave Port    |     Master Port   |     Boundary      | 
------------|-------------------|-------------------|--------------------
|           |   Impl  |   Type  |   Impl  |   Type  |   Impl  |  Depth  | 
|-----------|---------|---------|---------|---------|---------|---------|
|    AW     |     A   |     A   |     A   |     A   |     A   |     A   |
|-----------|---------|---------|---------|---------|---------|---------|
|    AR     |     A   |     A   |     A   |     A   |     A   |     A   |
|-----------|---------|---------|---------|---------|---------|---------|
|     W     |     A   |     A   |     A   |     A   |     A   |     A   |
|-----------|---------|---------|---------|---------|---------|---------|
|     R     |     A   |     A   |     A   |     A   |     A   |     A   |
|-----------|---------|---------|---------|---------|---------|---------|
|     B     |     A   |     A   |     A   |     A   |     A   |     A   |
|-----------|---------|---------|---------|---------|---------|---------|
|     A     |    NA   |    NA   |    NA   |    NA   |    NA   |    NA   |
|-----------|---------|---------|---------|---------|---------|---------|
|     D     |    NA   |    NA   |    NA   |    NA   |    NA   |    NA   |
--------------------------------------------------------------------------



11.Register Slice AND Buffer Information for all SWITCHs
======================================================

This provides detailed information on register slices and buffers 
with regards to their position, type and status Switch blocks.

 - Y(TC) - Reg Slice or Buffer Present and is Timing Closure
 - Y     - Reg Slice or Buffer Present 
 - NA    - Reg Slice or Buffer Not Present and Not Applicable
 - A     - Reg Slice or Buffer Not Present/Absent
 - FWD   - Reg Slice or Buffer type - Forward 
 - REV   - Reg Slice or Buffer type - Reverse 
 - FULL  - Reg Slice or Buffer type - Full    
 - BYPASS- Reg Slice or Buffer type - Bypass  


---------------------------------------------------------------------------------------------------------------------------
            BusMatrix : bm0 (Regs on Internal Sparse Connections) 
---------------------------------------------------------------------------------------------------------------------------
| SPARSE CONNECTION   |     AW Channel    |     AR Channel    |      W Channel    |     R Channel     |     B Channel     |
----------------------|-------------------|-------------------|-------------------|-------------------|--------------------
|                     |   Impl  |   Type  |   Impl  |   Type  |   Impl  |   Type  |   Impl  |   Type  |   Impl  |   Type  |
|---------------------|---------|---------|---------|---------|---------|---------|---------|---------|---------|---------|
| axi_s_0->axi_m_0    |    A    |   NA    |    A    |   NA    |    A    |   NA    |    A    |   NA    |    A    |   NA    |
| axi_s_0->axi_m_1    |    A    |   NA    |    A    |   NA    |    A    |   NA    |    A    |   NA    |    A    |   NA    |
| axi_s_0->axi_m_2    |    A    |   NA    |    A    |   NA    |    A    |   NA    |    A    |   NA    |    A    |   NA    |
| axi_s_1->axi_m_0    |    A    |   NA    |    A    |   NA    |    A    |   NA    |    A    |   NA    |    A    |   NA    |
| axi_s_1->axi_m_1    |    A    |   NA    |    A    |   NA    |    A    |   NA    |    A    |   NA    |    A    |   NA    |
| axi_s_1->axi_m_2    |    A    |   NA    |    A    |   NA    |    A    |   NA    |    A    |   NA    |    A    |   NA    |
| axi_s_2->axi_m_0    |    A    |   NA    |    A    |   NA    |    A    |   NA    |    A    |   NA    |    A    |   NA    |
| axi_s_2->axi_m_1    |    A    |   NA    |    A    |   NA    |    A    |   NA    |    A    |   NA    |    A    |   NA    |
| axi_s_2->axi_m_2    |    A    |   NA    |    A    |   NA    |    A    |   NA    |    A    |   NA    |    A    |   NA    |
---------------------------------------------------------------------------------------------------------------------------
            BusMatrix : bm0 (Arbitration on Master Ports) 
---------------------------------------------------------------------------------------------------------------------------
| OUTPUT PORT         |     POST ARBITRATION    |
----------------------|-------------------------|
| axi_m_0             |            A            |
| axi_m_1             |            A            |
| axi_m_2             |            A            |
-------------------------------------------------



12.IO (ASIBs to AMIBs) Connectivity Paths with 
  (Outstanding,Issuing and Acceptance)Transactions details- Information 
========================================================================

This provides detailed information on the connectivity of ASIB to AMIB and ASIB to GPV 
with regards to their input / output ports. IB, TLX and VNB blocks are also traversed 
and included in the path. 

Along with connectivity details following details are also provided :
Note: For ASIB 'Read Ac./Is.' is read issuing, 'Write Ac./Is.' is 'Write Issuing' and 'Total Iss.' is total issuing transactions.
Note: For AMIB 'Read Ac./Is.' is read acceptance, 'Write Iss' is write acceptance and 'Total Trans' is total acceptance Transactions
Note: For Other Blocks 'Read Ac./Is.' is 'Outstanding Read','Write Ac./Is.' is 'Outstanding Write' and 'Total Trans' is total outstanding transactions


--------------------------------------------------------------------------
       Connectivity for ASIB - sSpi
--------------------------------------------------------------------------

--------------------------------------------------------------------------------------------------------------------------
Connectivity for ASIB - sSpi x AMIB - mGauxCore
--------------------------------------------------------------------------------------------------------------------------
 INPUT PORT                BLOCK                      OUTPUT PORT              | Read Ac./Is.| Write Ac./Is| Total Iss.  |
-------------------------------------------------------------------------------|-------------|-------------|-------------|
                        [_"sSpi"_]                  [sSpi_m]                   |      4      |      4      |      8      |
[axi4_s]                (_(sSpi_ib)_)               [axi4_m]                   |      4      |      4      |      8      |
[axi_s_0]               [_[bm0]_]                   [axi_m_0]                  |      1      |      1      |      1      |
[mGauxCore_s]           [_"mGauxCore"_]                                        |      1      |      1      |      1      |
--------------------------------------------------------------------------------------------------------------------------

--------------------------------------------------------------------------------------------------------------------------
Connectivity for ASIB - sSpi x AMIB - mDexmpcCore
--------------------------------------------------------------------------------------------------------------------------
 INPUT PORT                BLOCK                      OUTPUT PORT              | Read Ac./Is.| Write Ac./Is| Total Iss.  |
-------------------------------------------------------------------------------|-------------|-------------|-------------|
                        [_"sSpi"_]                  [sSpi_m]                   |      4      |      4      |      8      |
[axi4_s]                (_(sSpi_ib)_)               [axi4_m]                   |      4      |      4      |      8      |
[axi_s_0]               [_[bm0]_]                   [axi_m_1]                  |      1      |      1      |      1      |
[mDexmpcCore_s]         [_"mDexmpcCore"_]                                      |      1      |      1      |      1      |
--------------------------------------------------------------------------------------------------------------------------


--------------------------------------------------------------------------
       Connectivity for ASIB - sD2dData
--------------------------------------------------------------------------

--------------------------------------------------------------------------------------------------------------------------
Connectivity for ASIB - sD2dData x AMIB - mGauxCore
--------------------------------------------------------------------------------------------------------------------------
 INPUT PORT                BLOCK                      OUTPUT PORT              | Read Ac./Is.| Write Ac./Is| Total Iss.  |
-------------------------------------------------------------------------------|-------------|-------------|-------------|
                        [_"sD2dData"_]              [sD2dData_m]               |      4      |      4      |      8      |
[axi_s_2]               [_[bm0]_]                   [axi_m_0]                  |      1      |      1      |      1      |
[mGauxCore_s]           [_"mGauxCore"_]                                        |      1      |      1      |      1      |
--------------------------------------------------------------------------------------------------------------------------

--------------------------------------------------------------------------------------------------------------------------
Connectivity for ASIB - sD2dData x AMIB - mDexmpcCore
--------------------------------------------------------------------------------------------------------------------------
 INPUT PORT                BLOCK                      OUTPUT PORT              | Read Ac./Is.| Write Ac./Is| Total Iss.  |
-------------------------------------------------------------------------------|-------------|-------------|-------------|
                        [_"sD2dData"_]              [sD2dData_m]               |      4      |      4      |      8      |
[axi_s_2]               [_[bm0]_]                   [axi_m_1]                  |      1      |      1      |      1      |
[mDexmpcCore_s]         [_"mDexmpcCore"_]                                      |      1      |      1      |      1      |
--------------------------------------------------------------------------------------------------------------------------


--------------------------------------------------------------------------
       Connectivity for ASIB - sIrisBridge
--------------------------------------------------------------------------

--------------------------------------------------------------------------------------------------------------------------
Connectivity for ASIB - sIrisBridge x AMIB - mGauxCore
--------------------------------------------------------------------------------------------------------------------------
 INPUT PORT                BLOCK                      OUTPUT PORT              | Read Ac./Is.| Write Ac./Is| Total Iss.  |
-------------------------------------------------------------------------------|-------------|-------------|-------------|
                        [_"sIrisBridge"_]           [sIrisBridge_m]            |      4      |      4      |      8      |
[axi_s_1]               [_[bm0]_]                   [axi_m_0]                  |      1      |      1      |      1      |
[mGauxCore_s]           [_"mGauxCore"_]                                        |      1      |      1      |      1      |
--------------------------------------------------------------------------------------------------------------------------

--------------------------------------------------------------------------------------------------------------------------
Connectivity for ASIB - sIrisBridge x AMIB - mDexmpcCore
--------------------------------------------------------------------------------------------------------------------------
 INPUT PORT                BLOCK                      OUTPUT PORT              | Read Ac./Is.| Write Ac./Is| Total Iss.  |
-------------------------------------------------------------------------------|-------------|-------------|-------------|
                        [_"sIrisBridge"_]           [sIrisBridge_m]            |      4      |      4      |      8      |
[axi_s_1]               [_[bm0]_]                   [axi_m_1]                  |      1      |      1      |      1      |
[mDexmpcCore_s]         [_"mDexmpcCore"_]                                      |      1      |      1      |      1      |
--------------------------------------------------------------------------------------------------------------------------



13.Static Latency Report 
ib-registers  ASIB to AMIB end to end static Latency Report for each Channel. 
========================================================================

This provides detailed information of minimum and maximum static latency 
between the a specific ASIB and AMIB per channel in terms of clock cycles of 
the Input Clock of the ASIB.




-----------------------------------------------------------------------------------------------
  For AR  Channel - sD2dData --> mGauxCore
-----------------------------------------------------------------------------------------------
 TOTAL STATIC LATENCY = 0 Cycles.                                                              
-----------------------------------------------------------------------------------------------
| Block Name               | Clock Name     | Reason For Latency           | Clock Cycles     |
-----------------------------------------------------------------------------------------------
-----------------------------------------------------------------------------------------------
| sD2dData                 | clk0           | slave_port - ar Channel Reg  | 0                |
-----------------------------------------------------------------------------------------------
| bm0.axi_m_0              | clk0           | Due Post Arb                 | 0                |
-----------------------------------------------------------------------------------------------



-----------------------------------------------------------------------------------------------
  For AW  Channel - sD2dData --> mGauxCore
-----------------------------------------------------------------------------------------------
 TOTAL STATIC LATENCY = 0 Cycles.                                                              
-----------------------------------------------------------------------------------------------
| Block Name               | Clock Name     | Reason For Latency           | Clock Cycles     |
-----------------------------------------------------------------------------------------------
-----------------------------------------------------------------------------------------------
| sD2dData                 | clk0           | slave_port - aw Channel Reg  | 0                |
-----------------------------------------------------------------------------------------------
| bm0.axi_m_0              | clk0           | Due Post Arb                 | 0                |
-----------------------------------------------------------------------------------------------



-----------------------------------------------------------------------------------------------
  For W  Channel - sD2dData --> mGauxCore
-----------------------------------------------------------------------------------------------
 TOTAL STATIC LATENCY = 0 Cycles.                                                              
-----------------------------------------------------------------------------------------------
| Block Name               | Clock Name     | Reason For Latency           | Clock Cycles     |
-----------------------------------------------------------------------------------------------
-----------------------------------------------------------------------------------------------
| sD2dData                 | clk0           | slave_port - w Channel Reg   | 0                |
-----------------------------------------------------------------------------------------------
| bm0.axi_m_0              | clk0           | Due Post Arb                 | 0                |
-----------------------------------------------------------------------------------------------
| mGauxCore                | clk0           | master_port - w Channel Reg  | 0                |
-----------------------------------------------------------------------------------------------



-----------------------------------------------------------------------------------------------
  For R  Channel - sD2dData --> mGauxCore
-----------------------------------------------------------------------------------------------
 TOTAL STATIC LATENCY = 0 Cycles.                                                              
-----------------------------------------------------------------------------------------------
| Block Name               | Clock Name     | Reason For Latency           | Clock Cycles     |
-----------------------------------------------------------------------------------------------
-----------------------------------------------------------------------------------------------
| bm0.axi_m_0              | clk0           | Due Post Arb                 | 0                |
-----------------------------------------------------------------------------------------------
| mGauxCore                | clk0           | master_port - r Channel Reg  | 0                |
-----------------------------------------------------------------------------------------------



-----------------------------------------------------------------------------------------------
  For B  Channel - sD2dData --> mGauxCore
-----------------------------------------------------------------------------------------------
 TOTAL STATIC LATENCY = 0 Cycles.                                                              
-----------------------------------------------------------------------------------------------
| Block Name               | Clock Name     | Reason For Latency           | Clock Cycles     |
-----------------------------------------------------------------------------------------------
-----------------------------------------------------------------------------------------------
| bm0.axi_m_0              | clk0           | Due Post Arb                 | 0                |
-----------------------------------------------------------------------------------------------
| mGauxCore                | clk0           | master_port - b Channel Reg  | 0                |
-----------------------------------------------------------------------------------------------



-----------------------------------------------------------------------------------------------
  For AR  Channel - sIrisBridge --> mGauxCore
-----------------------------------------------------------------------------------------------
 TOTAL STATIC LATENCY = 0 Cycles.                                                              
-----------------------------------------------------------------------------------------------
| Block Name               | Clock Name     | Reason For Latency           | Clock Cycles     |
-----------------------------------------------------------------------------------------------
-----------------------------------------------------------------------------------------------
| sIrisBridge              | clk0           | slave_port - ar Channel Reg  | 0                |
-----------------------------------------------------------------------------------------------
| bm0.axi_m_0              | clk0           | Due Post Arb                 | 0                |
-----------------------------------------------------------------------------------------------



-----------------------------------------------------------------------------------------------
  For AW  Channel - sIrisBridge --> mGauxCore
-----------------------------------------------------------------------------------------------
 TOTAL STATIC LATENCY = 0 Cycles.                                                              
-----------------------------------------------------------------------------------------------
| Block Name               | Clock Name     | Reason For Latency           | Clock Cycles     |
-----------------------------------------------------------------------------------------------
-----------------------------------------------------------------------------------------------
| sIrisBridge              | clk0           | slave_port - aw Channel Reg  | 0                |
-----------------------------------------------------------------------------------------------
| bm0.axi_m_0              | clk0           | Due Post Arb                 | 0                |
-----------------------------------------------------------------------------------------------



-----------------------------------------------------------------------------------------------
  For W  Channel - sIrisBridge --> mGauxCore
-----------------------------------------------------------------------------------------------
 TOTAL STATIC LATENCY = 0 Cycles.                                                              
-----------------------------------------------------------------------------------------------
| Block Name               | Clock Name     | Reason For Latency           | Clock Cycles     |
-----------------------------------------------------------------------------------------------
-----------------------------------------------------------------------------------------------
| sIrisBridge              | clk0           | slave_port - w Channel Reg   | 0                |
-----------------------------------------------------------------------------------------------
| bm0.axi_m_0              | clk0           | Due Post Arb                 | 0                |
-----------------------------------------------------------------------------------------------
| mGauxCore                | clk0           | master_port - w Channel Reg  | 0                |
-----------------------------------------------------------------------------------------------



-----------------------------------------------------------------------------------------------
  For R  Channel - sIrisBridge --> mGauxCore
-----------------------------------------------------------------------------------------------
 TOTAL STATIC LATENCY = 0 Cycles.                                                              
-----------------------------------------------------------------------------------------------
| Block Name               | Clock Name     | Reason For Latency           | Clock Cycles     |
-----------------------------------------------------------------------------------------------
-----------------------------------------------------------------------------------------------
| bm0.axi_m_0              | clk0           | Due Post Arb                 | 0                |
-----------------------------------------------------------------------------------------------
| mGauxCore                | clk0           | master_port - r Channel Reg  | 0                |
-----------------------------------------------------------------------------------------------



-----------------------------------------------------------------------------------------------
  For B  Channel - sIrisBridge --> mGauxCore
-----------------------------------------------------------------------------------------------
 TOTAL STATIC LATENCY = 0 Cycles.                                                              
-----------------------------------------------------------------------------------------------
| Block Name               | Clock Name     | Reason For Latency           | Clock Cycles     |
-----------------------------------------------------------------------------------------------
-----------------------------------------------------------------------------------------------
| bm0.axi_m_0              | clk0           | Due Post Arb                 | 0                |
-----------------------------------------------------------------------------------------------
| mGauxCore                | clk0           | master_port - b Channel Reg  | 0                |
-----------------------------------------------------------------------------------------------



-----------------------------------------------------------------------------------------------
  For AR  Channel - sSpi --> mGauxCore
-----------------------------------------------------------------------------------------------
 TOTAL STATIC LATENCY = 0 Cycles.                                                              
-----------------------------------------------------------------------------------------------
| Block Name               | Clock Name     | Reason For Latency           | Clock Cycles     |
-----------------------------------------------------------------------------------------------
-----------------------------------------------------------------------------------------------
| sSpi                     | clk0           | slave_port - ar Channel Reg  | 0                |
-----------------------------------------------------------------------------------------------
| bm0.axi_m_0              | clk0           | Due Post Arb                 | 0                |
-----------------------------------------------------------------------------------------------



-----------------------------------------------------------------------------------------------
  For AW  Channel - sSpi --> mGauxCore
-----------------------------------------------------------------------------------------------
 TOTAL STATIC LATENCY = 0 Cycles.                                                              
-----------------------------------------------------------------------------------------------
| Block Name               | Clock Name     | Reason For Latency           | Clock Cycles     |
-----------------------------------------------------------------------------------------------
-----------------------------------------------------------------------------------------------
| sSpi                     | clk0           | slave_port - aw Channel Reg  | 0                |
-----------------------------------------------------------------------------------------------
| bm0.axi_m_0              | clk0           | Due Post Arb                 | 0                |
-----------------------------------------------------------------------------------------------



-----------------------------------------------------------------------------------------------
  For W  Channel - sSpi --> mGauxCore
-----------------------------------------------------------------------------------------------
 TOTAL STATIC LATENCY = 0 Cycles.                                                              
-----------------------------------------------------------------------------------------------
| Block Name               | Clock Name     | Reason For Latency           | Clock Cycles     |
-----------------------------------------------------------------------------------------------
-----------------------------------------------------------------------------------------------
| sSpi                     | clk0           | slave_port - w Channel Reg   | 0                |
-----------------------------------------------------------------------------------------------
| bm0.axi_m_0              | clk0           | Due Post Arb                 | 0                |
-----------------------------------------------------------------------------------------------
| mGauxCore                | clk0           | master_port - w Channel Reg  | 0                |
-----------------------------------------------------------------------------------------------



-----------------------------------------------------------------------------------------------
  For R  Channel - sSpi --> mGauxCore
-----------------------------------------------------------------------------------------------
 TOTAL STATIC LATENCY = 0 Cycles.                                                              
-----------------------------------------------------------------------------------------------
| Block Name               | Clock Name     | Reason For Latency           | Clock Cycles     |
-----------------------------------------------------------------------------------------------
-----------------------------------------------------------------------------------------------
| bm0.axi_m_0              | clk0           | Due Post Arb                 | 0                |
-----------------------------------------------------------------------------------------------
| mGauxCore                | clk0           | master_port - r Channel Reg  | 0                |
-----------------------------------------------------------------------------------------------



-----------------------------------------------------------------------------------------------
  For B  Channel - sSpi --> mGauxCore
-----------------------------------------------------------------------------------------------
 TOTAL STATIC LATENCY = 0 Cycles.                                                              
-----------------------------------------------------------------------------------------------
| Block Name               | Clock Name     | Reason For Latency           | Clock Cycles     |
-----------------------------------------------------------------------------------------------
-----------------------------------------------------------------------------------------------
| bm0.axi_m_0              | clk0           | Due Post Arb                 | 0                |
-----------------------------------------------------------------------------------------------
| mGauxCore                | clk0           | master_port - b Channel Reg  | 0                |
-----------------------------------------------------------------------------------------------



-----------------------------------------------------------------------------------------------
  For AR  Channel - sD2dData --> mDexmpcCore
-----------------------------------------------------------------------------------------------
 TOTAL STATIC LATENCY = 0 Cycles.                                                              
-----------------------------------------------------------------------------------------------
| Block Name               | Clock Name     | Reason For Latency           | Clock Cycles     |
-----------------------------------------------------------------------------------------------
-----------------------------------------------------------------------------------------------
| sD2dData                 | clk0           | slave_port - ar Channel Reg  | 0                |
-----------------------------------------------------------------------------------------------
| bm0.axi_m_1              | clk0           | Due Post Arb                 | 0                |
-----------------------------------------------------------------------------------------------



-----------------------------------------------------------------------------------------------
  For AW  Channel - sD2dData --> mDexmpcCore
-----------------------------------------------------------------------------------------------
 TOTAL STATIC LATENCY = 0 Cycles.                                                              
-----------------------------------------------------------------------------------------------
| Block Name               | Clock Name     | Reason For Latency           | Clock Cycles     |
-----------------------------------------------------------------------------------------------
-----------------------------------------------------------------------------------------------
| sD2dData                 | clk0           | slave_port - aw Channel Reg  | 0                |
-----------------------------------------------------------------------------------------------
| bm0.axi_m_1              | clk0           | Due Post Arb                 | 0                |
-----------------------------------------------------------------------------------------------



-----------------------------------------------------------------------------------------------
  For W  Channel - sD2dData --> mDexmpcCore
-----------------------------------------------------------------------------------------------
 TOTAL STATIC LATENCY = 0 Cycles.                                                              
-----------------------------------------------------------------------------------------------
| Block Name               | Clock Name     | Reason For Latency           | Clock Cycles     |
-----------------------------------------------------------------------------------------------
-----------------------------------------------------------------------------------------------
| sD2dData                 | clk0           | slave_port - w Channel Reg   | 0                |
-----------------------------------------------------------------------------------------------
| bm0.axi_m_1              | clk0           | Due Post Arb                 | 0                |
-----------------------------------------------------------------------------------------------
| mDexmpcCore              | clk0           | master_port - w Channel Reg  | 0                |
-----------------------------------------------------------------------------------------------



-----------------------------------------------------------------------------------------------
  For R  Channel - sD2dData --> mDexmpcCore
-----------------------------------------------------------------------------------------------
 TOTAL STATIC LATENCY = 0 Cycles.                                                              
-----------------------------------------------------------------------------------------------
| Block Name               | Clock Name     | Reason For Latency           | Clock Cycles     |
-----------------------------------------------------------------------------------------------
-----------------------------------------------------------------------------------------------
| bm0.axi_m_1              | clk0           | Due Post Arb                 | 0                |
-----------------------------------------------------------------------------------------------
| mDexmpcCore              | clk0           | master_port - r Channel Reg  | 0                |
-----------------------------------------------------------------------------------------------



-----------------------------------------------------------------------------------------------
  For B  Channel - sD2dData --> mDexmpcCore
-----------------------------------------------------------------------------------------------
 TOTAL STATIC LATENCY = 0 Cycles.                                                              
-----------------------------------------------------------------------------------------------
| Block Name               | Clock Name     | Reason For Latency           | Clock Cycles     |
-----------------------------------------------------------------------------------------------
-----------------------------------------------------------------------------------------------
| bm0.axi_m_1              | clk0           | Due Post Arb                 | 0                |
-----------------------------------------------------------------------------------------------
| mDexmpcCore              | clk0           | master_port - b Channel Reg  | 0                |
-----------------------------------------------------------------------------------------------



-----------------------------------------------------------------------------------------------
  For AR  Channel - sIrisBridge --> mDexmpcCore
-----------------------------------------------------------------------------------------------
 TOTAL STATIC LATENCY = 0 Cycles.                                                              
-----------------------------------------------------------------------------------------------
| Block Name               | Clock Name     | Reason For Latency           | Clock Cycles     |
-----------------------------------------------------------------------------------------------
-----------------------------------------------------------------------------------------------
| sIrisBridge              | clk0           | slave_port - ar Channel Reg  | 0                |
-----------------------------------------------------------------------------------------------
| bm0.axi_m_1              | clk0           | Due Post Arb                 | 0                |
-----------------------------------------------------------------------------------------------



-----------------------------------------------------------------------------------------------
  For AW  Channel - sIrisBridge --> mDexmpcCore
-----------------------------------------------------------------------------------------------
 TOTAL STATIC LATENCY = 0 Cycles.                                                              
-----------------------------------------------------------------------------------------------
| Block Name               | Clock Name     | Reason For Latency           | Clock Cycles     |
-----------------------------------------------------------------------------------------------
-----------------------------------------------------------------------------------------------
| sIrisBridge              | clk0           | slave_port - aw Channel Reg  | 0                |
-----------------------------------------------------------------------------------------------
| bm0.axi_m_1              | clk0           | Due Post Arb                 | 0                |
-----------------------------------------------------------------------------------------------



-----------------------------------------------------------------------------------------------
  For W  Channel - sIrisBridge --> mDexmpcCore
-----------------------------------------------------------------------------------------------
 TOTAL STATIC LATENCY = 0 Cycles.                                                              
-----------------------------------------------------------------------------------------------
| Block Name               | Clock Name     | Reason For Latency           | Clock Cycles     |
-----------------------------------------------------------------------------------------------
-----------------------------------------------------------------------------------------------
| sIrisBridge              | clk0           | slave_port - w Channel Reg   | 0                |
-----------------------------------------------------------------------------------------------
| bm0.axi_m_1              | clk0           | Due Post Arb                 | 0                |
-----------------------------------------------------------------------------------------------
| mDexmpcCore              | clk0           | master_port - w Channel Reg  | 0                |
-----------------------------------------------------------------------------------------------



-----------------------------------------------------------------------------------------------
  For R  Channel - sIrisBridge --> mDexmpcCore
-----------------------------------------------------------------------------------------------
 TOTAL STATIC LATENCY = 0 Cycles.                                                              
-----------------------------------------------------------------------------------------------
| Block Name               | Clock Name     | Reason For Latency           | Clock Cycles     |
-----------------------------------------------------------------------------------------------
-----------------------------------------------------------------------------------------------
| bm0.axi_m_1              | clk0           | Due Post Arb                 | 0                |
-----------------------------------------------------------------------------------------------
| mDexmpcCore              | clk0           | master_port - r Channel Reg  | 0                |
-----------------------------------------------------------------------------------------------



-----------------------------------------------------------------------------------------------
  For B  Channel - sIrisBridge --> mDexmpcCore
-----------------------------------------------------------------------------------------------
 TOTAL STATIC LATENCY = 0 Cycles.                                                              
-----------------------------------------------------------------------------------------------
| Block Name               | Clock Name     | Reason For Latency           | Clock Cycles     |
-----------------------------------------------------------------------------------------------
-----------------------------------------------------------------------------------------------
| bm0.axi_m_1              | clk0           | Due Post Arb                 | 0                |
-----------------------------------------------------------------------------------------------
| mDexmpcCore              | clk0           | master_port - b Channel Reg  | 0                |
-----------------------------------------------------------------------------------------------



-----------------------------------------------------------------------------------------------
  For AR  Channel - sSpi --> mDexmpcCore
-----------------------------------------------------------------------------------------------
 TOTAL STATIC LATENCY = 0 Cycles.                                                              
-----------------------------------------------------------------------------------------------
| Block Name               | Clock Name     | Reason For Latency           | Clock Cycles     |
-----------------------------------------------------------------------------------------------
-----------------------------------------------------------------------------------------------
| sSpi                     | clk0           | slave_port - ar Channel Reg  | 0                |
-----------------------------------------------------------------------------------------------
| bm0.axi_m_1              | clk0           | Due Post Arb                 | 0                |
-----------------------------------------------------------------------------------------------



-----------------------------------------------------------------------------------------------
  For AW  Channel - sSpi --> mDexmpcCore
-----------------------------------------------------------------------------------------------
 TOTAL STATIC LATENCY = 0 Cycles.                                                              
-----------------------------------------------------------------------------------------------
| Block Name               | Clock Name     | Reason For Latency           | Clock Cycles     |
-----------------------------------------------------------------------------------------------
-----------------------------------------------------------------------------------------------
| sSpi                     | clk0           | slave_port - aw Channel Reg  | 0                |
-----------------------------------------------------------------------------------------------
| bm0.axi_m_1              | clk0           | Due Post Arb                 | 0                |
-----------------------------------------------------------------------------------------------



-----------------------------------------------------------------------------------------------
  For W  Channel - sSpi --> mDexmpcCore
-----------------------------------------------------------------------------------------------
 TOTAL STATIC LATENCY = 0 Cycles.                                                              
-----------------------------------------------------------------------------------------------
| Block Name               | Clock Name     | Reason For Latency           | Clock Cycles     |
-----------------------------------------------------------------------------------------------
-----------------------------------------------------------------------------------------------
| sSpi                     | clk0           | slave_port - w Channel Reg   | 0                |
-----------------------------------------------------------------------------------------------
| bm0.axi_m_1              | clk0           | Due Post Arb                 | 0                |
-----------------------------------------------------------------------------------------------
| mDexmpcCore              | clk0           | master_port - w Channel Reg  | 0                |
-----------------------------------------------------------------------------------------------



-----------------------------------------------------------------------------------------------
  For R  Channel - sSpi --> mDexmpcCore
-----------------------------------------------------------------------------------------------
 TOTAL STATIC LATENCY = 0 Cycles.                                                              
-----------------------------------------------------------------------------------------------
| Block Name               | Clock Name     | Reason For Latency           | Clock Cycles     |
-----------------------------------------------------------------------------------------------
-----------------------------------------------------------------------------------------------
| bm0.axi_m_1              | clk0           | Due Post Arb                 | 0                |
-----------------------------------------------------------------------------------------------
| mDexmpcCore              | clk0           | master_port - r Channel Reg  | 0                |
-----------------------------------------------------------------------------------------------



-----------------------------------------------------------------------------------------------
  For B  Channel - sSpi --> mDexmpcCore
-----------------------------------------------------------------------------------------------
 TOTAL STATIC LATENCY = 0 Cycles.                                                              
-----------------------------------------------------------------------------------------------
| Block Name               | Clock Name     | Reason For Latency           | Clock Cycles     |
-----------------------------------------------------------------------------------------------
-----------------------------------------------------------------------------------------------
| bm0.axi_m_1              | clk0           | Due Post Arb                 | 0                |
-----------------------------------------------------------------------------------------------
| mDexmpcCore              | clk0           | master_port - b Channel Reg  | 0                |
-----------------------------------------------------------------------------------------------



14.Relative Size Indicator Report 
  Relative Size Indicator for NIC400 configuration . 
========================================================================

This report provides the total Relative Size Indicator for NIC400 configuration and 
its individual blocks like ASIB, AMIB, IB, RSB, BusMatrix, TLX and VNB. 



-----------------------------------------------------------------------------------------------
|               RELATIVE SIZE INDICATOR Report                                                |
|---------------------------------------------------------------------------------------------|
|      Total Relative Size Indicator : 1494                                                   |
|---------------------------------------------------------------------------------------------|


|---------------------------------------------------------------------------------------------|
|---------------------------------------------------------------------------------------------|
                                     -*** AMIB ***-
|---------------------------------------------------------------------------------------------|
|---------------------------------------------------------------------------------------------|


|---------------------------------------------------------------------------------------------|
|  [ mDexmpcCore ]                |    160 (Relative Size Indicator)                          |
|---------------------------------------------------------------------------------------------|
|   Sub Block Name                |   Relative Size Indicator                                 |
|---------------------------------------------------------------------------------------------|
|  master_port - b Channel        |   11                                                      |
|---------------------------------------------------------------------------------------------|
|  master_port - r Channel        |   76                                                      |
|---------------------------------------------------------------------------------------------|
|  master_port - w Channel        |   73                                                      |
|---------------------------------------------------------------------------------------------|


|---------------------------------------------------------------------------------------------|
|  [ mGauxCore ]                  |    160 (Relative Size Indicator)                          |
|---------------------------------------------------------------------------------------------|
|   Sub Block Name                |   Relative Size Indicator                                 |
|---------------------------------------------------------------------------------------------|
|  master_port - b Channel        |   11                                                      |
|---------------------------------------------------------------------------------------------|
|  master_port - r Channel        |   76                                                      |
|---------------------------------------------------------------------------------------------|
|  master_port - w Channel        |   73                                                      |
|---------------------------------------------------------------------------------------------|


|---------------------------------------------------------------------------------------------|
|---------------------------------------------------------------------------------------------|
                                     -*** ASIB ***-
|---------------------------------------------------------------------------------------------|
|---------------------------------------------------------------------------------------------|


|---------------------------------------------------------------------------------------------|
|  [ sD2dData ]                   |    201 (Relative Size Indicator)                          |
|---------------------------------------------------------------------------------------------|
|   Sub Block Name                |   Relative Size Indicator                                 |
|---------------------------------------------------------------------------------------------|
|  slave_port - ar Channel        |   62                                                      |
|---------------------------------------------------------------------------------------------|
|  slave_port - aw Channel        |   60                                                      |
|---------------------------------------------------------------------------------------------|
|  slave_port - w Channel         |   73                                                      |
|---------------------------------------------------------------------------------------------|
|  Other                          |   6                                                       |
|---------------------------------------------------------------------------------------------|


|---------------------------------------------------------------------------------------------|
|  [ sIrisBridge ]                |    201 (Relative Size Indicator)                          |
|---------------------------------------------------------------------------------------------|
|   Sub Block Name                |   Relative Size Indicator                                 |
|---------------------------------------------------------------------------------------------|
|  slave_port - ar Channel        |   62                                                      |
|---------------------------------------------------------------------------------------------|
|  slave_port - aw Channel        |   60                                                      |
|---------------------------------------------------------------------------------------------|
|  slave_port - w Channel         |   73                                                      |
|---------------------------------------------------------------------------------------------|
|  Other                          |   6                                                       |
|---------------------------------------------------------------------------------------------|


|---------------------------------------------------------------------------------------------|
|  [ sSpi ]                       |    165 (Relative Size Indicator)                          |
|---------------------------------------------------------------------------------------------|
|   Sub Block Name                |   Relative Size Indicator                                 |
|---------------------------------------------------------------------------------------------|
|  slave_port - ar Channel        |   62                                                      |
|---------------------------------------------------------------------------------------------|
|  slave_port - aw Channel        |   60                                                      |
|---------------------------------------------------------------------------------------------|
|  slave_port - w Channel         |   37                                                      |
|---------------------------------------------------------------------------------------------|
|  Other                          |   6                                                       |
|---------------------------------------------------------------------------------------------|


|---------------------------------------------------------------------------------------------|
|---------------------------------------------------------------------------------------------|
                                     -*** Busmatrix ***-
|---------------------------------------------------------------------------------------------|
|---------------------------------------------------------------------------------------------|


|---------------------------------------------------------------------------------------------|
|  [ bm0 ]                        |    507 (Relative Size Indicator)                          |
|---------------------------------------------------------------------------------------------|
|   Sub Block Name                |   Relative Size Indicator                                 |
|---------------------------------------------------------------------------------------------|
|  IN Port - axi_s_0              |   20                                                      |
|---------------------------------------------------------------------------------------------|
|  IN Port - axi_s_1              |   20                                                      |
|---------------------------------------------------------------------------------------------|
|  IN Port - axi_s_2              |   20                                                      |
|---------------------------------------------------------------------------------------------|
|  OUT Port - axi_m_0             |   149                                                     |
|---------------------------------------------------------------------------------------------|
|  OUT Port - axi_m_1             |   149                                                     |
|---------------------------------------------------------------------------------------------|
|  OUT Port - axi_m_2             |   149                                                     |
|---------------------------------------------------------------------------------------------|


|---------------------------------------------------------------------------------------------|
|---------------------------------------------------------------------------------------------|
                                     -*** IB ***-
|---------------------------------------------------------------------------------------------|
|---------------------------------------------------------------------------------------------|


|---------------------------------------------------------------------------------------------|
|  [ sSpi_ib ]                    |    100 (Relative Size Indicator)                          |
|---------------------------------------------------------------------------------------------|
|   Sub Block Name                |   Relative Size Indicator                                 |
|---------------------------------------------------------------------------------------------|
|  Due to data sizing             |   100                                                     |
|---------------------------------------------------------------------------------------------|


|---------------------------------------------------------------------------------------------|
|---------------------------------------------------------------------------------------------|
                                     -*** RSB ***-
|---------------------------------------------------------------------------------------------|
|---------------------------------------------------------------------------------------------|


|---------------------------------------------------------------------------------------------|
|  [ Global RSB ]                 |    0 (Relative Size Indicator)                            |
|---------------------------------------------------------------------------------------------|
|   Sub Block Name                |   Relative Size Indicator                                 |
|---------------------------------------------------------------------------------------------|
|  RSB ring                       |   0                                                       |
|---------------------------------------------------------------------------------------------|


|---------------------------------------------------------------------------------------------|
|---------------------------------------------------------------------------------------------|
                                     -*** TLX ***-
|---------------------------------------------------------------------------------------------|
|---------------------------------------------------------------------------------------------|
|   No TLX blocks in this configuration                                                       |
|---------------------------------------------------------------------------------------------|


|---------------------------------------------------------------------------------------------|
|---------------------------------------------------------------------------------------------|
                                     -*** VNB ***-
|---------------------------------------------------------------------------------------------|
|---------------------------------------------------------------------------------------------|
|   No VNB blocks in this configuration                                                       |
|---------------------------------------------------------------------------------------------|



15.ASIB to AMIB Virtual Networks Report 
  Virtual Networks between ASIBs and AMIBs. 
========================================================================

This provides a list of tables with VNET numbers (Virtual Network Numbers)
for ASIB to AMIB paths 
 - NA   - Not Applicable as Virtual Network cannot be support on this path.
 - None - No Virtual Networks Specified



----------------------------------------------
     Virtual Network Name     |  VNET Number |
----------------------------------------------


--------------------------------------------------------------------------
            ASIBs x AMIBs Virtual Network Connectivity - Table : 1 of 1
--------------------------------------------------------------------------
              |  mGauxCore     |  mDexmpcCore   |
--------------------------------------------------------------------------
sD2dData      |  None          |  None          |
--------------------------------------------------
sIrisBridge   |  None          |  None          |
--------------------------------------------------
sSpi          |  None          |  None          |
--------------------------------------------------



16.Address Map Information 
==========================

This provides detailed information of Full Address map for NIC

 - d     - default 


------------------------------------------------------------------------------------------
     ASIB-to-AMIB Address Map - Table : 1 of 1
------------------------------------------------------------------------------------------
|                | mGauxCore                         | mDexmpcCore                       |
------------------------------------------------------------------------------------------
| sD2dData       | 0x80000-0xfffff(Remap-d)          | 0x0-0x7ffff(Remap-d)              |
------------------------------------------------------------------------------------------
| sIrisBridge    | 0x80000-0xfffff(Remap-d)          | 0x0-0x7ffff(Remap-d)              |
------------------------------------------------------------------------------------------
| sSpi           | 0x80000-0xfffff(Remap-d)          | 0x0-0x7ffff(Remap-d)              |
------------------------------------------------------------------------------------------



========================== E N D  of  R E P O R T ===============
Configuration location:- /capsule/home/linyuzheng/yujiema-miaomiaomiao/arm-socrates/workspace/cihto2026mar/logical/nic400_1/xml/nic400_internal.xml
Report generated on:- Sun Mar 8 23:50:19 2026
=================================================================



